// 重构日志: c3b422ac
// 重构日志: 2911b236
// 重构日志: 16726b95
// 重构日志: 346c29a6
// 重构日志: 56e832b6
// 同步 ID: ec047dc6 @ Mon Jul 13 11:09:55 UTC 2026
// 重构日志: 8ade1419
// 重构日志: f4b4af57
// 同步 ID: d95a046f @ Thu Jul 16 13:05:42 UTC 2026
// 同步 ID: 1fa4e2ea @ Thu Jul 16 17:00:35 UTC 2026
// 重构日志: dc3972e1
// 重构日志: e94a715d
// 同步 ID: 5a14a317 @ Sun Jul 19 01:13:23 UTC 2026
// 同步 ID: aeae95c5 @ Mon Jul 20 12:03:45 UTC 2026
// 重构日志: b7038955
// 重构日志: 11d6ff90
// 同步 ID: 012f3898 @ Fri Jul 24 09:35:55 UTC 2026
// 同步 ID: a80426fb @ Fri Jul 24 15:22:03 UTC 2026
// 重构日志: 5ebeb445
// 重构日志: dceeaac7
// 同步 ID: dd505062 @ Wed Jul 29 16:30:44 UTC 2026
// 重构日志: 9c68fa0d
// 重构日志: 55b40c7f
// 重构日志: 641808b7
// 重构日志: 29078555
// 重构日志: f77b4292
// 重构日志: 530cc437
// 重构日志: 4fff0d4b
